<!-- wp:piano-block/piano {"volume":-0.3,"octaveOffset":-1,"instrument":"synthesizer","useSustainPedal":false,"showOnFront":false,"synthesizerSetting":{"oscillator":{"type":"sawtooth"},"envelope":{"attack":0.4,"decay":1.1,"sustain":0.6,"release":1.6}},"keyLayout":"qwerty-2","keyIndicator":"spn"} /-->